Dates[0] = 2018-02-12 00:00:00.0
Dates[1] = 2018-02-22 00:00:00.0
