age : 40 
date : Fri Feb 01 00:00:00 EET 3901 
name : Llewellyn 
